Archive member included because of file (symbol)

c:/program files/ac6/systemworkbench/plugins/fr.ac6.mcu.externaltools.arm-none.win32_1.3.0.201507241045/tools/compiler/bin/../lib/gcc/arm-none-eabi/4.9.3/../../../../arm-none-eabi/lib/armv7e-m\libc.a(lib_a-errno.o)
                              src/syscalls.o (__errno)
c:/program files/ac6/systemworkbench/plugins/fr.ac6.mcu.externaltools.arm-none.win32_1.3.0.201507241045/tools/compiler/bin/../lib/gcc/arm-none-eabi/4.9.3/../../../../arm-none-eabi/lib/armv7e-m\libc.a(lib_a-exit.o)
                              c:/program files/ac6/systemworkbench/plugins/fr.ac6.mcu.externaltools.arm-none.win32_1.3.0.201507241045/tools/compiler/bin/../lib/gcc/arm-none-eabi/4.9.3/../../../../arm-none-eabi/lib/armv7e-m/crt0.o (exit)
c:/program files/ac6/systemworkbench/plugins/fr.ac6.mcu.externaltools.arm-none.win32_1.3.0.201507241045/tools/compiler/bin/../lib/gcc/arm-none-eabi/4.9.3/../../../../arm-none-eabi/lib/armv7e-m\libc.a(lib_a-impure.o)
                              c:/program files/ac6/systemworkbench/plugins/fr.ac6.mcu.externaltools.arm-none.win32_1.3.0.201507241045/tools/compiler/bin/../lib/gcc/arm-none-eabi/4.9.3/../../../../arm-none-eabi/lib/armv7e-m\libc.a(lib_a-exit.o) (_global_impure_ptr)
c:/program files/ac6/systemworkbench/plugins/fr.ac6.mcu.externaltools.arm-none.win32_1.3.0.201507241045/tools/compiler/bin/../lib/gcc/arm-none-eabi/4.9.3/../../../../arm-none-eabi/lib/armv7e-m\libc.a(lib_a-init.o)
                              c:/program files/ac6/systemworkbench/plugins/fr.ac6.mcu.externaltools.arm-none.win32_1.3.0.201507241045/tools/compiler/bin/../lib/gcc/arm-none-eabi/4.9.3/../../../../arm-none-eabi/lib/armv7e-m/crt0.o (__libc_init_array)
c:/program files/ac6/systemworkbench/plugins/fr.ac6.mcu.externaltools.arm-none.win32_1.3.0.201507241045/tools/compiler/bin/../lib/gcc/arm-none-eabi/4.9.3/../../../../arm-none-eabi/lib/armv7e-m\libc.a(lib_a-memset.o)
                              c:/program files/ac6/systemworkbench/plugins/fr.ac6.mcu.externaltools.arm-none.win32_1.3.0.201507241045/tools/compiler/bin/../lib/gcc/arm-none-eabi/4.9.3/../../../../arm-none-eabi/lib/armv7e-m/crt0.o (memset)
c:/program files/ac6/systemworkbench/plugins/fr.ac6.mcu.externaltools.arm-none.win32_1.3.0.201507241045/tools/compiler/bin/../lib/gcc/arm-none-eabi/4.9.3/../../../../arm-none-eabi/lib/armv7e-m\libc.a(lib_a-strlen.o)
                              src/main.o (strlen)
c:/program files/ac6/systemworkbench/plugins/fr.ac6.mcu.externaltools.arm-none.win32_1.3.0.201507241045/tools/compiler/bin/../lib/gcc/arm-none-eabi/4.9.3/../../../../arm-none-eabi/lib/armv7e-m\libc.a(lib_a-strncmp.o)
                              src/main.o (strncmp)
c:/program files/ac6/systemworkbench/plugins/fr.ac6.mcu.externaltools.arm-none.win32_1.3.0.201507241045/tools/compiler/bin/../lib/gcc/arm-none-eabi/4.9.3/../../../../arm-none-eabi/lib/armv7e-m\libc.a(lib_a-__call_atexit.o)
                              c:/program files/ac6/systemworkbench/plugins/fr.ac6.mcu.externaltools.arm-none.win32_1.3.0.201507241045/tools/compiler/bin/../lib/gcc/arm-none-eabi/4.9.3/../../../../arm-none-eabi/lib/armv7e-m\libc.a(lib_a-exit.o) (__call_exitprocs)
c:/program files/ac6/systemworkbench/plugins/fr.ac6.mcu.externaltools.arm-none.win32_1.3.0.201507241045/tools/compiler/bin/../lib/gcc/arm-none-eabi/4.9.3/../../../../arm-none-eabi/lib/armv7e-m\libc.a(lib_a-atexit.o)
                              c:/program files/ac6/systemworkbench/plugins/fr.ac6.mcu.externaltools.arm-none.win32_1.3.0.201507241045/tools/compiler/bin/../lib/gcc/arm-none-eabi/4.9.3/../../../../arm-none-eabi/lib/armv7e-m\libc.a(lib_a-__call_atexit.o) (atexit)
c:/program files/ac6/systemworkbench/plugins/fr.ac6.mcu.externaltools.arm-none.win32_1.3.0.201507241045/tools/compiler/bin/../lib/gcc/arm-none-eabi/4.9.3/../../../../arm-none-eabi/lib/armv7e-m\libc.a(lib_a-fini.o)
                              c:/program files/ac6/systemworkbench/plugins/fr.ac6.mcu.externaltools.arm-none.win32_1.3.0.201507241045/tools/compiler/bin/../lib/gcc/arm-none-eabi/4.9.3/../../../../arm-none-eabi/lib/armv7e-m\libc.a(lib_a-__call_atexit.o) (__libc_fini_array)
c:/program files/ac6/systemworkbench/plugins/fr.ac6.mcu.externaltools.arm-none.win32_1.3.0.201507241045/tools/compiler/bin/../lib/gcc/arm-none-eabi/4.9.3/../../../../arm-none-eabi/lib/armv7e-m\libc.a(lib_a-__atexit.o)
                              c:/program files/ac6/systemworkbench/plugins/fr.ac6.mcu.externaltools.arm-none.win32_1.3.0.201507241045/tools/compiler/bin/../lib/gcc/arm-none-eabi/4.9.3/../../../../arm-none-eabi/lib/armv7e-m\libc.a(lib_a-atexit.o) (__register_exitproc)

Discarded input sections

 .text          0x00000000        0x0 c:/program files/ac6/systemworkbench/plugins/fr.ac6.mcu.externaltools.arm-none.win32_1.3.0.201507241045/tools/compiler/bin/../lib/gcc/arm-none-eabi/4.9.3/armv7e-m/crti.o
[...]
Memory Configuration

Name             Origin             Length             Attributes
RAM              0x20000000         0x00010000         xrw
ROM              0x08000000         0x00080000         xr
*default*        0x00000000         0xffffffff

Linker script and memory map

LOAD c:/program files/ac6/systemworkbench/plugins/fr.ac6.mcu.externaltools.arm-none.win32_1.3.0.201507241045/tools/compiler/bin/../lib/gcc/arm-none-eabi/4.9.3/armv7e-m/crti.o
LOAD c:/program files/ac6/systemworkbench/plugins/fr.ac6.mcu.externaltools.arm-none.win32_1.3.0.201507241045/tools/compiler/bin/../lib/gcc/arm-none-eabi/4.9.3/armv7e-m/crtbegin.o
LOAD c:/program files/ac6/systemworkbench/plugins/fr.ac6.mcu.externaltools.arm-none.win32_1.3.0.201507241045/tools/compiler/bin/../lib/gcc/arm-none-eabi/4.9.3/../../../../arm-none-eabi/lib/armv7e-m/crt0.o
LOAD c:/program files/ac6/systemworkbench/plugins/fr.ac6.mcu.externaltools.arm-none.win32_1.3.0.201507241045/tools/compiler/bin/../lib/gcc/arm-none-eabi/4.9.3/../../../../arm-none-eabi/lib/armv7e-m\libm.a
LOAD startup/startup_stm32.o
LOAD src/main.o
LOAD src/syscalls.o
LOAD src/system_stm32f30x.o
LOAD StdPeriph_Driver/src/stm32f30x_adc.o
LOAD StdPeriph_Driver/src/stm32f30x_can.o
LOAD StdPeriph_Driver/src/stm32f30x_comp.o
LOAD StdPeriph_Driver/src/stm32f30x_crc.o
LOAD StdPeriph_Driver/src/stm32f30x_dac.o
LOAD StdPeriph_Driver/src/stm32f30x_dbgmcu.o
LOAD StdPeriph_Driver/src/stm32f30x_dma.o
LOAD StdPeriph_Driver/src/stm32f30x_exti.o
LOAD StdPeriph_Driver/src/stm32f30x_flash.o
LOAD StdPeriph_Driver/src/stm32f30x_fmc.o
LOAD StdPeriph_Driver/src/stm32f30x_gpio.o
LOAD StdPeriph_Driver/src/stm32f30x_hrtim.o
LOAD StdPeriph_Driver/src/stm32f30x_i2c.o
LOAD StdPeriph_Driver/src/stm32f30x_iwdg.o
LOAD StdPeriph_Driver/src/stm32f30x_misc.o
LOAD StdPeriph_Driver/src/stm32f30x_opamp.o
LOAD StdPeriph_Driver/src/stm32f30x_pwr.o
LOAD StdPeriph_Driver/src/stm32f30x_rcc.o
LOAD StdPeriph_Driver/src/stm32f30x_rtc.o
LOAD StdPeriph_Driver/src/stm32f30x_spi.o
LOAD StdPeriph_Driver/src/stm32f30x_syscfg.o
LOAD StdPeriph_Driver/src/stm32f30x_tim.o
LOAD StdPeriph_Driver/src/stm32f30x_usart.o
LOAD StdPeriph_Driver/src/stm32f30x_wwdg.o
START GROUP
LOAD c:/program files/ac6/systemworkbench/plugins/fr.ac6.mcu.externaltools.arm-none.win32_1.3.0.201507241045/tools/compiler/bin/../lib/gcc/arm-none-eabi/4.9.3/armv7e-m\libgcc.a
LOAD c:/program files/ac6/systemworkbench/plugins/fr.ac6.mcu.externaltools.arm-none.win32_1.3.0.201507241045/tools/compiler/bin/../lib/gcc/arm-none-eabi/4.9.3/../../../../arm-none-eabi/lib/armv7e-m\libc.a
END GROUP
LOAD c:/program files/ac6/systemworkbench/plugins/fr.ac6.mcu.externaltools.arm-none.win32_1.3.0.201507241045/tools/compiler/bin/../lib/gcc/arm-none-eabi/4.9.3/armv7e-m/crtend.o
LOAD c:/program files/ac6/systemworkbench/plugins/fr.ac6.mcu.externaltools.arm-none.win32_1.3.0.201507241045/tools/compiler/bin/../lib/gcc/arm-none-eabi/4.9.3/armv7e-m/crtn.o
                0x20010000                _estack = 0x20010000
                0x00000000                _Min_Heap_Size = 0x0
                0x00000400                _Min_Stack_Size = 0x400

.isr_vector     0x08000000      0x188
                0x08000000                . = ALIGN (0x4)
 *(.isr_vector)
 .isr_vector    0x08000000      0x188 startup/startup_stm32.o
                0x08000000                g_pfnVectors
                0x08000188                . = ALIGN (0x4)

.text           0x08000188     0x1170
                0x08000188                . = ALIGN (0x4)
 *(.text)
 .text          0x08000188       0x5c c:/program files/ac6/systemworkbench/plugins/fr.ac6.mcu.externaltools.arm-none.win32_1.3.0.201507241045/tools/compiler/bin/../lib/gcc/arm-none-eabi/4.9.3/armv7e-m/crtbegin.o
 *(.text*)
 .text.Reset_Handler
                0x080001e4       0x48 startup/startup_stm32.o
                0x080001e4                Reset_Handler
 .text.Default_Handler
                0x0800022c        0x2 startup/startup_stm32.o
                0x0800022c                RTC_Alarm_IRQHandler
                0x0800022c                TIM8_TRG_COM_IRQHandler
                0x0800022c                TIM8_CC_IRQHandler
                0x0800022c                DebugMon_Handler
                0x0800022c                TIM1_CC_IRQHandler
                0x0800022c                HardFault_Handler
                0x0800022c                USB_HP_IRQHandler
                0x0800022c                SysTick_Handler
                0x0800022c                PVD_IRQHandler
                0x0800022c                PendSV_Handler
                0x0800022c                NMI_Handler
                0x0800022c                EXTI3_IRQHandler
                0x0800022c                EXTI0_IRQHandler
                0x0800022c                I2C2_EV_IRQHandler
                0x0800022c                FPU_IRQHandler
                0x0800022c                EXTI2_TS_IRQHandler
                0x0800022c                TIM1_UP_TIM16_IRQHandler
                0x0800022c                UsageFault_Handler
                0x0800022c                ADC1_2_IRQHandler
                0x0800022c                SPI1_IRQHandler
                0x0800022c                TIM6_DAC_IRQHandler
                0x0800022c                TIM8_UP_IRQHandler
                0x0800022c                DMA2_Channel2_IRQHandler
                0x0800022c                DMA1_Channel4_IRQHandler
                0x0800022c                USART3_IRQHandler
                0x0800022c                DMA1_Channel7_IRQHandler
                0x0800022c                CAN1_RX1_IRQHandler
                0x0800022c                UART5_IRQHandler
                0x0800022c                ADC3_IRQHandler
                0x0800022c                TIM4_IRQHandler
                0x0800022c                DMA2_Channel1_IRQHandler
                0x0800022c                I2C1_EV_IRQHandler
                0x0800022c                DMA1_Channel6_IRQHandler
                0x0800022c                UART4_IRQHandler
                0x0800022c                DMA2_Channel4_IRQHandler
                0x0800022c                TIM3_IRQHandler
                0x0800022c                RCC_IRQHandler
                0x0800022c                DMA1_Channel1_IRQHandler
                0x0800022c                Default_Handler
                0x0800022c                USBWakeUp_RMP_IRQHandler
                0x0800022c                EXTI15_10_IRQHandler
                0x0800022c                TIM7_IRQHandler
                0x0800022c                EXTI9_5_IRQHandler
                0x0800022c                TAMPER_STAMP_IRQHandler
                0x0800022c                RTC_WKUP_IRQHandler
                0x0800022c                SPI2_IRQHandler
                0x0800022c                MemManage_Handler
                0x0800022c                SVC_Handler
                0x0800022c                DMA2_Channel5_IRQHandler
                0x0800022c                DMA1_Channel5_IRQHandler
                0x0800022c                USB_LP_IRQHandler
                0x0800022c                EXTI4_IRQHandler
                0x0800022c                USB_LP_CAN1_RX0_IRQHandler
                0x0800022c                TIM1_TRG_COM_TIM17_IRQHandler
                0x0800022c                USB_HP_CAN1_TX_IRQHandler
                0x0800022c                DMA1_Channel3_IRQHandler
                0x0800022c                ADC4_IRQHandler
                0x0800022c                WWDG_IRQHandler
                0x0800022c                TIM2_IRQHandler
                0x0800022c                COMP7_IRQHandler
                0x0800022c                COMP1_2_3_IRQHandler
                0x0800022c                EXTI1_IRQHandler
                0x0800022c                USART2_IRQHandler
                0x0800022c                COMP4_5_6_IRQHandler
                0x0800022c                I2C2_ER_IRQHandler
                0x0800022c                DMA1_Channel2_IRQHandler
                0x0800022c                TIM8_BRK_IRQHandler
                0x0800022c                CAN1_SCE_IRQHandler
                0x0800022c                FLASH_IRQHandler
                0x0800022c                BusFault_Handler
                0x0800022c                USART1_IRQHandler
                0x0800022c                SPI3_IRQHandler
                0x0800022c                I2C1_ER_IRQHandler
                0x0800022c                USBWakeUp_IRQHandler
                0x0800022c                DMA2_Channel3_IRQHandler
                0x0800022c                TIM1_BRK_TIM15_IRQHandler
 *fill*         0x0800022e        0x2 
 .text.send_char
                0x08000230       0x30 src/main.o
                0x08000230                send_char
 .text.send_string
                0x08000260       0x28 src/main.o
                0x08000260                send_string
 .text.main     0x08000288      0x198 src/main.o
                0x08000288                main
 .text.SystemInit
                0x08000420       0x80 src/system_stm32f30x.o
                0x08000420                SystemInit
 .text.SetSysClock
                0x080004a0       0xe0 src/system_stm32f30x.o
 .text.GPIO_Init
                0x08000580      0x130 StdPeriph_Driver/src/stm32f30x_gpio.o
                0x08000580                GPIO_Init
 .text.GPIO_StructInit
                0x080006b0       0x34 StdPeriph_Driver/src/stm32f30x_gpio.o
                0x080006b0                GPIO_StructInit
 .text.GPIO_SetBits
                0x080006e4       0x1c StdPeriph_Driver/src/stm32f30x_gpio.o
                0x080006e4                GPIO_SetBits
 .text.GPIO_ResetBits
                0x08000700       0x1c StdPeriph_Driver/src/stm32f30x_gpio.o
                0x08000700                GPIO_ResetBits
 .text.GPIO_PinAFConfig
                0x0800071c       0x90 StdPeriph_Driver/src/stm32f30x_gpio.o
                0x0800071c                GPIO_PinAFConfig
 .text.RCC_GetClocksFreq
                0x080007ac      0x5b0 StdPeriph_Driver/src/stm32f30x_rcc.o
                0x080007ac                RCC_GetClocksFreq
 .text.RCC_AHBPeriphClockCmd
                0x08000d5c       0x3c StdPeriph_Driver/src/stm32f30x_rcc.o
                0x08000d5c                RCC_AHBPeriphClockCmd
 .text.RCC_APB2PeriphClockCmd
                0x08000d98       0x3c StdPeriph_Driver/src/stm32f30x_rcc.o
                0x08000d98                RCC_APB2PeriphClockCmd
 .text.RCC_APB1PeriphClockCmd
                0x08000dd4       0x3c StdPeriph_Driver/src/stm32f30x_rcc.o
                0x08000dd4                RCC_APB1PeriphClockCmd
 .text.USART_Init
                0x08000e10      0x174 StdPeriph_Driver/src/stm32f30x_usart.o
                0x08000e10                USART_Init
 .text.USART_StructInit
                0x08000f84       0x38 StdPeriph_Driver/src/stm32f30x_usart.o
                0x08000f84                USART_StructInit
 .text.USART_Cmd
                0x08000fbc       0x38 StdPeriph_Driver/src/stm32f30x_usart.o
                0x08000fbc                USART_Cmd
 .text.USART_SendData
                0x08000ff4       0x24 StdPeriph_Driver/src/stm32f30x_usart.o
                0x08000ff4                USART_SendData
 .text.USART_ReceiveData
                0x08001018       0x20 StdPeriph_Driver/src/stm32f30x_usart.o
                0x08001018                USART_ReceiveData
 .text.USART_GetFlagStatus
                0x08001038       0x34 StdPeriph_Driver/src/stm32f30x_usart.o
                0x08001038                USART_GetFlagStatus
 .text.__libc_init_array
                0x0800106c       0x50 c:/program files/ac6/systemworkbench/plugins/fr.ac6.mcu.externaltools.arm-none.win32_1.3.0.201507241045/tools/compiler/bin/../lib/gcc/arm-none-eabi/4.9.3/../../../../arm-none-eabi/lib/armv7e-m\libc.a(lib_a-init.o)
                0x0800106c                __libc_init_array
 .text.memset   0x080010bc       0x9c c:/program files/ac6/systemworkbench/plugins/fr.ac6.mcu.externaltools.arm-none.win32_1.3.0.201507241045/tools/compiler/bin/../lib/gcc/arm-none-eabi/4.9.3/../../../../arm-none-eabi/lib/armv7e-m\libc.a(lib_a-memset.o)
                0x080010bc                memset
 .text.strncmp  0x08001158       0x98 c:/program files/ac6/systemworkbench/plugins/fr.ac6.mcu.externaltools.arm-none.win32_1.3.0.201507241045/tools/compiler/bin/../lib/gcc/arm-none-eabi/4.9.3/../../../../arm-none-eabi/lib/armv7e-m\libc.a(lib_a-strncmp.o)
                0x08001158                strncmp
 .text.startup.register_fini
                0x080011f0       0x14 c:/program files/ac6/systemworkbench/plugins/fr.ac6.mcu.externaltools.arm-none.win32_1.3.0.201507241045/tools/compiler/bin/../lib/gcc/arm-none-eabi/4.9.3/../../../../arm-none-eabi/lib/armv7e-m\libc.a(lib_a-__call_atexit.o)
 .text.atexit   0x08001204        0xc c:/program files/ac6/systemworkbench/plugins/fr.ac6.mcu.externaltools.arm-none.win32_1.3.0.201507241045/tools/compiler/bin/../lib/gcc/arm-none-eabi/4.9.3/../../../../arm-none-eabi/lib/armv7e-m\libc.a(lib_a-atexit.o)
                0x08001204                atexit
 .text.__libc_fini_array
                0x08001210       0x2c c:/program files/ac6/systemworkbench/plugins/fr.ac6.mcu.externaltools.arm-none.win32_1.3.0.201507241045/tools/compiler/bin/../lib/gcc/arm-none-eabi/4.9.3/../../../../arm-none-eabi/lib/armv7e-m\libc.a(lib_a-fini.o)
                0x08001210                __libc_fini_array
 .text.__register_exitproc
                0x0800123c       0xa4 c:/program files/ac6/systemworkbench/plugins/fr.ac6.mcu.externaltools.arm-none.win32_1.3.0.201507241045/tools/compiler/bin/../lib/gcc/arm-none-eabi/4.9.3/../../../../arm-none-eabi/lib/armv7e-m\libc.a(lib_a-__atexit.o)
                0x0800123c                __register_exitproc
 *(.glue_7)
 .glue_7        0x00000000        0x0 linker stubs
 *(.glue_7t)
 .glue_7t       0x00000000        0x0 linker stubs
 *(.eh_frame)
 .eh_frame      0x080012e0        0x0 c:/program files/ac6/systemworkbench/plugins/fr.ac6.mcu.externaltools.arm-none.win32_1.3.0.201507241045/tools/compiler/bin/../lib/gcc/arm-none-eabi/4.9.3/armv7e-m/crtbegin.o
 *(.init)
 .init          0x080012e0        0x4 c:/program files/ac6/systemworkbench/plugins/fr.ac6.mcu.externaltools.arm-none.win32_1.3.0.201507241045/tools/compiler/bin/../lib/gcc/arm-none-eabi/4.9.3/armv7e-m/crti.o
                0x080012e0                _init
 .init          0x080012e4        0x8 c:/program files/ac6/systemworkbench/plugins/fr.ac6.mcu.externaltools.arm-none.win32_1.3.0.201507241045/tools/compiler/bin/../lib/gcc/arm-none-eabi/4.9.3/armv7e-m/crtn.o
 *(.fini)
 .fini          0x080012ec        0x4 c:/program files/ac6/systemworkbench/plugins/fr.ac6.mcu.externaltools.arm-none.win32_1.3.0.201507241045/tools/compiler/bin/../lib/gcc/arm-none-eabi/4.9.3/armv7e-m/crti.o
                0x080012ec                _fini
 .fini          0x080012f0        0x8 c:/program files/ac6/systemworkbench/plugins/fr.ac6.mcu.externaltools.arm-none.win32_1.3.0.201507241045/tools/compiler/bin/../lib/gcc/arm-none-eabi/4.9.3/armv7e-m/crtn.o
                0x080012f8                . = ALIGN (0x4)
                0x080012f8                _etext = .

.vfp11_veneer   0x080012f8        0x0
 .vfp11_veneer  0x00000000        0x0 linker stubs

.v4_bx          0x080012f8        0x0
 .v4_bx         0x00000000        0x0 linker stubs

.iplt           0x080012f8        0x0
 .iplt          0x00000000        0x0 c:/program files/ac6/systemworkbench/plugins/fr.ac6.mcu.externaltools.arm-none.win32_1.3.0.201507241045/tools/compiler/bin/../lib/gcc/arm-none-eabi/4.9.3/armv7e-m/crtbegin.o

.rodata         0x080012f8       0x70
                0x080012f8                . = ALIGN (0x4)
 *(.rodata)
 .rodata        0x080012f8       0x68 src/main.o
 *(.rodata*)
 .rodata.str1.4
                0x08001360        0x4 c:/program files/ac6/systemworkbench/plugins/fr.ac6.mcu.externaltools.arm-none.win32_1.3.0.201507241045/tools/compiler/bin/../lib/gcc/arm-none-eabi/4.9.3/../../../../arm-none-eabi/lib/armv7e-m\libc.a(lib_a-impure.o)
 .rodata._global_impure_ptr
                0x08001364        0x4 c:/program files/ac6/systemworkbench/plugins/fr.ac6.mcu.externaltools.arm-none.win32_1.3.0.201507241045/tools/compiler/bin/../lib/gcc/arm-none-eabi/4.9.3/../../../../arm-none-eabi/lib/armv7e-m\libc.a(lib_a-impure.o)
                0x08001364                _global_impure_ptr
                0x08001368                . = ALIGN (0x4)

.rel.dyn        0x08001368        0x0
 .rel.iplt      0x00000000        0x0 c:/program files/ac6/systemworkbench/plugins/fr.ac6.mcu.externaltools.arm-none.win32_1.3.0.201507241045/tools/compiler/bin/../lib/gcc/arm-none-eabi/4.9.3/armv7e-m/crtbegin.o

.ARM.extab      0x08001368        0x0
                0x08001368                . = ALIGN (0x4)
 *(.ARM.extab* .gnu.linkonce.armextab.*)
                0x08001368                . = ALIGN (0x4)

.ARM            0x08001368        0x0
                0x08001368                . = ALIGN (0x4)
                0x08001368                __exidx_start = .
 *(.ARM.exidx*)
                0x08001368                __exidx_end = .
                0x08001368                . = ALIGN (0x4)

.preinit_array  0x08001368        0x0
                0x08001368                . = ALIGN (0x4)
                0x08001368                PROVIDE (__preinit_array_start, .)
 *(.preinit_array*)
                0x08001368                PROVIDE (__preinit_array_end, .)
                0x08001368                . = ALIGN (0x4)

.init_array     0x08001368        0x8
                0x08001368                . = ALIGN (0x4)
                0x08001368                PROVIDE (__init_array_start, .)
 *(SORT(.init_array.*))
 .init_array.00000
                0x08001368        0x4 c:/program files/ac6/systemworkbench/plugins/fr.ac6.mcu.externaltools.arm-none.win32_1.3.0.201507241045/tools/compiler/bin/../lib/gcc/arm-none-eabi/4.9.3/../../../../arm-none-eabi/lib/armv7e-m\libc.a(lib_a-__call_atexit.o)
 *(.init_array*)
 .init_array    0x0800136c        0x4 c:/program files/ac6/systemworkbench/plugins/fr.ac6.mcu.externaltools.arm-none.win32_1.3.0.201507241045/tools/compiler/bin/../lib/gcc/arm-none-eabi/4.9.3/armv7e-m/crtbegin.o
                0x08001370                PROVIDE (__init_array_end, .)
                0x08001370                . = ALIGN (0x4)

.fini_array     0x08001370        0x4
                0x08001370                . = ALIGN (0x4)
                0x08001370                PROVIDE (__fini_array_start, .)
 *(SORT(.fini_array.*))
 *(.fini_array*)
 .fini_array    0x08001370        0x4 c:/program files/ac6/systemworkbench/plugins/fr.ac6.mcu.externaltools.arm-none.win32_1.3.0.201507241045/tools/compiler/bin/../lib/gcc/arm-none-eabi/4.9.3/armv7e-m/crtbegin.o
                0x08001374                PROVIDE (__fini_array_end, .)
                0x08001374                . = ALIGN (0x4)
                0x08001374                _sidata = LOADADDR (.data)

.data           0x20000000      0x458 load address 0x08001374
                0x20000000                . = ALIGN (0x4)
                0x20000000                _sdata = .
 *(.data)
 .data          0x20000000       0x30 StdPeriph_Driver/src/stm32f30x_rcc.o
 *(.data*)
 .data.impure_data
                0x20000030      0x428 c:/program files/ac6/systemworkbench/plugins/fr.ac6.mcu.externaltools.arm-none.win32_1.3.0.201507241045/tools/compiler/bin/../lib/gcc/arm-none-eabi/4.9.3/../../../../arm-none-eabi/lib/armv7e-m\libc.a(lib_a-impure.o)
                0x20000458                . = ALIGN (0x4)
                0x20000458                _edata = .

.jcr            0x20000458        0x0 load address 0x080017cc
 .jcr           0x20000458        0x0 c:/program files/ac6/systemworkbench/plugins/fr.ac6.mcu.externaltools.arm-none.win32_1.3.0.201507241045/tools/compiler/bin/../lib/gcc/arm-none-eabi/4.9.3/armv7e-m/crtbegin.o

.igot.plt       0x20000458        0x0 load address 0x080017cc
 .igot.plt      0x00000000        0x0 c:/program files/ac6/systemworkbench/plugins/fr.ac6.mcu.externaltools.arm-none.win32_1.3.0.201507241045/tools/compiler/bin/../lib/gcc/arm-none-eabi/4.9.3/armv7e-m/crtbegin.o
                0x20000458                . = ALIGN (0x4)

.bss            0x20000458       0x24 load address 0x080017cc
                0x20000458                _sbss = .
                0x20000458                __bss_start__ = _sbss
 *(.bss)
 .bss           0x20000458       0x1c c:/program files/ac6/systemworkbench/plugins/fr.ac6.mcu.externaltools.arm-none.win32_1.3.0.201507241045/tools/compiler/bin/../lib/gcc/arm-none-eabi/4.9.3/armv7e-m/crtbegin.o
 .bss           0x20000474        0x8 src/main.o
                0x20000474                my_buffer
 *(.bss*)
 *(COMMON)
                0x2000047c                . = ALIGN (0x4)
                0x2000047c                _ebss = .
                0x2000047c                __bss_end__ = _ebss

._user_heap_stack
                0x2000047c      0x404 load address 0x080017cc
                0x20000480                . = ALIGN (0x8)
 *fill*         0x2000047c        0x4 
                0x20000480                PROVIDE (end, .)
                0x20000480                PROVIDE (_end, .)
                0x20000480                . = (. + _Min_Heap_Size)
                0x20000880                . = (. + _Min_Stack_Size)
 *fill*         0x20000480      0x400 
                0x20000880                . = ALIGN (0x8)

/DISCARD/
 libc.a(*)
 libm.a(*)
 libgcc.a(*)

.ARM.attributes
                0x00000000       0x2a
 *(.ARM.attributes)
 .ARM.attributes
                0x00000000       0x1e c:/program files/ac6/systemworkbench/plugins/fr.ac6.mcu.externaltools.arm-none.win32_1.3.0.201507241045/tools/compiler/bin/../lib/gcc/arm-none-eabi/4.9.3/armv7e-m/crti.o
 .ARM.attributes
                0x0000001e       0x2e c:/program files/ac6/systemworkbench/plugins/fr.ac6.mcu.externaltools.arm-none.win32_1.3.0.201507241045/tools/compiler/bin/../lib/gcc/arm-none-eabi/4.9.3/armv7e-m/crtbegin.o
 .ARM.attributes
                0x0000004c       0x21 startup/startup_stm32.o
 .ARM.attributes
                0x0000006d       0x33 src/main.o
 .ARM.attributes
                0x000000a0       0x33 src/system_stm32f30x.o
 .ARM.attributes
                0x000000d3       0x33 StdPeriph_Driver/src/stm32f30x_gpio.o
 .ARM.attributes
                0x00000106       0x33 StdPeriph_Driver/src/stm32f30x_rcc.o
 .ARM.attributes
                0x00000139       0x33 StdPeriph_Driver/src/stm32f30x_usart.o
 .ARM.attributes
                0x0000016c       0x2e c:/program files/ac6/systemworkbench/plugins/fr.ac6.mcu.externaltools.arm-none.win32_1.3.0.201507241045/tools/compiler/bin/../lib/gcc/arm-none-eabi/4.9.3/../../../../arm-none-eabi/lib/armv7e-m\libc.a(lib_a-impure.o)
 .ARM.attributes
                0x0000019a       0x2e c:/program files/ac6/systemworkbench/plugins/fr.ac6.mcu.externaltools.arm-none.win32_1.3.0.201507241045/tools/compiler/bin/../lib/gcc/arm-none-eabi/4.9.3/../../../../arm-none-eabi/lib/armv7e-m\libc.a(lib_a-init.o)
 .ARM.attributes
                0x000001c8       0x2e c:/program files/ac6/systemworkbench/plugins/fr.ac6.mcu.externaltools.arm-none.win32_1.3.0.201507241045/tools/compiler/bin/../lib/gcc/arm-none-eabi/4.9.3/../../../../arm-none-eabi/lib/armv7e-m\libc.a(lib_a-memset.o)
 .ARM.attributes
                0x000001f6       0x2e c:/program files/ac6/systemworkbench/plugins/fr.ac6.mcu.externaltools.arm-none.win32_1.3.0.201507241045/tools/compiler/bin/../lib/gcc/arm-none-eabi/4.9.3/../../../../arm-none-eabi/lib/armv7e-m\libc.a(lib_a-strncmp.o)
 .ARM.attributes
                0x00000224       0x2e c:/program files/ac6/systemworkbench/plugins/fr.ac6.mcu.externaltools.arm-none.win32_1.3.0.201507241045/tools/compiler/bin/../lib/gcc/arm-none-eabi/4.9.3/../../../../arm-none-eabi/lib/armv7e-m\libc.a(lib_a-__call_atexit.o)
 .ARM.attributes
                0x00000252       0x2e c:/program files/ac6/systemworkbench/plugins/fr.ac6.mcu.externaltools.arm-none.win32_1.3.0.201507241045/tools/compiler/bin/../lib/gcc/arm-none-eabi/4.9.3/../../../../arm-none-eabi/lib/armv7e-m\libc.a(lib_a-atexit.o)
 .ARM.attributes
                0x00000280       0x2e c:/program files/ac6/systemworkbench/plugins/fr.ac6.mcu.externaltools.arm-none.win32_1.3.0.201507241045/tools/compiler/bin/../lib/gcc/arm-none-eabi/4.9.3/../../../../arm-none-eabi/lib/armv7e-m\libc.a(lib_a-fini.o)
 .ARM.attributes
                0x000002ae       0x2e c:/program files/ac6/systemworkbench/plugins/fr.ac6.mcu.externaltools.arm-none.win32_1.3.0.201507241045/tools/compiler/bin/../lib/gcc/arm-none-eabi/4.9.3/../../../../arm-none-eabi/lib/armv7e-m\libc.a(lib_a-__atexit.o)
 .ARM.attributes
                0x000002dc       0x1e c:/program files/ac6/systemworkbench/plugins/fr.ac6.mcu.externaltools.arm-none.win32_1.3.0.201507241045/tools/compiler/bin/../lib/gcc/arm-none-eabi/4.9.3/armv7e-m/crtn.o
OUTPUT(Kurs_5.elf elf32-littlearm)

.debug_line     0x00000000     0x2936
 .debug_line    0x00000000       0x79 startup/startup_stm32.o
 .debug_line    0x00000079      0x71d src/main.o
 .debug_line    0x00000796      0x65c src/system_stm32f30x.o
 .debug_line    0x00000df2      0x728 StdPeriph_Driver/src/stm32f30x_gpio.o
 .debug_line    0x0000151a      0xa1d StdPeriph_Driver/src/stm32f30x_rcc.o
 .debug_line    0x00001f37      0x9ff StdPeriph_Driver/src/stm32f30x_usart.o

.debug_info     0x00000000     0x2b1e
 .debug_info    0x00000000       0x70 startup/startup_stm32.o
 .debug_info    0x00000070      0x56f src/main.o
 .debug_info    0x000005df      0x4a0 src/system_stm32f30x.o
 .debug_info    0x00000a7f      0x614 StdPeriph_Driver/src/stm32f30x_gpio.o
 .debug_info    0x00001093      0xb67 StdPeriph_Driver/src/stm32f30x_rcc.o
 .debug_info    0x00001bfa      0xf24 StdPeriph_Driver/src/stm32f30x_usart.o

.debug_abbrev   0x00000000      0x7c6
 .debug_abbrev  0x00000000       0x12 startup/startup_stm32.o
 .debug_abbrev  0x00000012      0x180 src/main.o
 .debug_abbrev  0x00000192      0x14a src/system_stm32f30x.o
 .debug_abbrev  0x000002dc      0x1a8 StdPeriph_Driver/src/stm32f30x_gpio.o
 .debug_abbrev  0x00000484      0x1e8 StdPeriph_Driver/src/stm32f30x_rcc.o
 .debug_abbrev  0x0000066c      0x15a StdPeriph_Driver/src/stm32f30x_usart.o

.debug_aranges  0x00000000      0x408
 .debug_aranges
                0x00000000       0x28 startup/startup_stm32.o
 .debug_aranges
                0x00000028       0x38 src/main.o
 .debug_aranges
                0x00000060       0x30 src/system_stm32f30x.o
 .debug_aranges
                0x00000090       0x80 StdPeriph_Driver/src/stm32f30x_gpio.o
 .debug_aranges
                0x00000110      0x158 StdPeriph_Driver/src/stm32f30x_rcc.o
 .debug_aranges
                0x00000268      0x1a0 StdPeriph_Driver/src/stm32f30x_usart.o

.debug_ranges   0x00000000      0x3b0
 .debug_ranges  0x00000000       0x20 startup/startup_stm32.o
 .debug_ranges  0x00000020       0x28 src/main.o
 .debug_ranges  0x00000048       0x20 src/system_stm32f30x.o
 .debug_ranges  0x00000068       0x70 StdPeriph_Driver/src/stm32f30x_gpio.o
 .debug_ranges  0x000000d8      0x148 StdPeriph_Driver/src/stm32f30x_rcc.o
 .debug_ranges  0x00000220      0x190 StdPeriph_Driver/src/stm32f30x_usart.o

.debug_macro    0x00000000    0x1369a
 .debug_macro   0x00000000      0x267 src/main.o
 .debug_macro   0x00000267      0x892 src/main.o
 .debug_macro   0x00000af9       0x76 src/main.o
 .debug_macro   0x00000b6f       0x3b src/main.o
 .debug_macro   0x00000baa       0x22 src/main.o
 .debug_macro   0x00000bcc       0x44 src/main.o
 .debug_macro   0x00000c10       0x1c src/main.o
 .debug_macro   0x00000c2c      0x1f7 src/main.o
 .debug_macro   0x00000e23       0x2d src/main.o
 .debug_macro   0x00000e50       0x42 src/main.o
 .debug_macro   0x00000e92      0xd39 src/main.o
 .debug_macro   0x00001bcb     0xacf7 src/main.o
 .debug_macro   0x0000c8c2      0x5a6 src/main.o
 .debug_macro   0x0000ce68      0x3cf src/main.o
 .debug_macro   0x0000d237       0x46 src/main.o
 .debug_macro   0x0000d27d      0x293 src/main.o
 .debug_macro   0x0000d510      0x1b6 src/main.o
 .debug_macro   0x0000d6c6       0x9a src/main.o
 .debug_macro   0x0000d760      0x3a8 src/main.o
 .debug_macro   0x0000db08      0x114 src/main.o
 .debug_macro   0x0000dc1c      0x1e4 src/main.o
 .debug_macro   0x0000de00      0x2a3 src/main.o
 .debug_macro   0x0000e0a3      0x1bd src/main.o
 .debug_macro   0x0000e260     0x13d6 src/main.o
 .debug_macro   0x0000f636      0x31f src/main.o
 .debug_macro   0x0000f955      0x29a src/main.o
 .debug_macro   0x0000fbef       0x70 src/main.o
 .debug_macro   0x0000fc5f      0x10c src/main.o
 .debug_macro   0x0000fd6b       0xb8 src/main.o
 .debug_macro   0x0000fe23      0x70b src/main.o
 .debug_macro   0x0001052e      0x551 src/main.o
 .debug_macro   0x00010a7f      0x3ab src/main.o
 .debug_macro   0x00010e2a      0x902 src/main.o
 .debug_macro   0x0001172c      0x364 src/main.o
 .debug_macro   0x00011a90       0x34 src/main.o
 .debug_macro   0x00011ac4       0x89 src/main.o
 .debug_macro   0x00011b4d       0x35 src/main.o
 .debug_macro   0x00011b82       0x58 src/main.o
 .debug_macro   0x00011bda       0x35 src/main.o
 .debug_macro   0x00011c0f       0x9c src/main.o
 .debug_macro   0x00011cab      0x166 src/main.o
 .debug_macro   0x00011e11       0x52 src/main.o
 .debug_macro   0x00011e63       0x16 src/main.o
 .debug_macro   0x00011e79       0x43 src/main.o
 .debug_macro   0x00011ebc      0x180 src/main.o
 .debug_macro   0x0001203c      0x29d src/main.o
 .debug_macro   0x000122d9       0x10 src/main.o
 .debug_macro   0x000122e9       0x35 src/main.o
 .debug_macro   0x0001231e       0x16 src/main.o
 .debug_macro   0x00012334       0x16 src/main.o
 .debug_macro   0x0001234a       0x29 src/main.o
 .debug_macro   0x00012373      0x191 src/system_stm32f30x.o
 .debug_macro   0x00012504      0x199 StdPeriph_Driver/src/stm32f30x_gpio.o
 .debug_macro   0x0001269d      0x1b7 StdPeriph_Driver/src/stm32f30x_gpio.o
 .debug_macro   0x00012854      0x232 StdPeriph_Driver/src/stm32f30x_rcc.o
 .debug_macro   0x00012a86      0x705 StdPeriph_Driver/src/stm32f30x_rcc.o
 .debug_macro   0x0001318b      0x1b1 StdPeriph_Driver/src/stm32f30x_usart.o
 .debug_macro   0x0001333c      0x35e StdPeriph_Driver/src/stm32f30x_usart.o

.debug_str      0x00000000    0x7ee62
 .debug_str     0x00000000    0x7d94c src/main.o
                              0x7db84 (size before relaxing)
 .debug_str     0x0007d94c      0x16f src/system_stm32f30x.o
                              0x7b4a5 (size before relaxing)
 .debug_str     0x0007dabb      0x183 StdPeriph_Driver/src/stm32f30x_gpio.o
                              0x7b640 (size before relaxing)
 .debug_str     0x0007dc3e      0xab3 StdPeriph_Driver/src/stm32f30x_rcc.o
                              0x7bebf (size before relaxing)
 .debug_str     0x0007e6f1      0x771 StdPeriph_Driver/src/stm32f30x_usart.o
                              0x7bd57 (size before relaxing)

.comment        0x00000000       0x70
 .comment       0x00000000       0x70 src/main.o
                                 0x71 (size before relaxing)
 .comment       0x00000000       0x71 src/system_stm32f30x.o
 .comment       0x00000000       0x71 StdPeriph_Driver/src/stm32f30x_gpio.o
 .comment       0x00000000       0x71 StdPeriph_Driver/src/stm32f30x_rcc.o
 .comment       0x00000000       0x71 StdPeriph_Driver/src/stm32f30x_usart.o

.debug_frame    0x00000000     0x129c
 .debug_frame   0x00000000       0x9c src/main.o
 .debug_frame   0x0000009c       0x7c src/system_stm32f30x.o
 .debug_frame   0x00000118      0x214 StdPeriph_Driver/src/stm32f30x_gpio.o
 .debug_frame   0x0000032c      0x634 StdPeriph_Driver/src/stm32f30x_rcc.o
 .debug_frame   0x00000960      0x7b0 StdPeriph_Driver/src/stm32f30x_usart.o
 .debug_frame   0x00001110       0x2c c:/program files/ac6/systemworkbench/plugins/fr.ac6.mcu.externaltools.arm-none.win32_1.3.0.201507241045/tools/compiler/bin/../lib/gcc/arm-none-eabi/4.9.3/../../../../arm-none-eabi/lib/armv7e-m\libc.a(lib_a-init.o)
 .debug_frame   0x0000113c       0x34 c:/program files/ac6/systemworkbench/plugins/fr.ac6.mcu.externaltools.arm-none.win32_1.3.0.201507241045/tools/compiler/bin/../lib/gcc/arm-none-eabi/4.9.3/../../../../arm-none-eabi/lib/armv7e-m\libc.a(lib_a-memset.o)
 .debug_frame   0x00001170       0x54 c:/program files/ac6/systemworkbench/plugins/fr.ac6.mcu.externaltools.arm-none.win32_1.3.0.201507241045/tools/compiler/bin/../lib/gcc/arm-none-eabi/4.9.3/../../../../arm-none-eabi/lib/armv7e-m\libc.a(lib_a-strncmp.o)
 .debug_frame   0x000011c4       0x50 c:/program files/ac6/systemworkbench/plugins/fr.ac6.mcu.externaltools.arm-none.win32_1.3.0.201507241045/tools/compiler/bin/../lib/gcc/arm-none-eabi/4.9.3/../../../../arm-none-eabi/lib/armv7e-m\libc.a(lib_a-__call_atexit.o)
 .debug_frame   0x00001214       0x20 c:/program files/ac6/systemworkbench/plugins/fr.ac6.mcu.externaltools.arm-none.win32_1.3.0.201507241045/tools/compiler/bin/../lib/gcc/arm-none-eabi/4.9.3/../../../../arm-none-eabi/lib/armv7e-m\libc.a(lib_a-atexit.o)
 .debug_frame   0x00001234       0x34 c:/program files/ac6/systemworkbench/plugins/fr.ac6.mcu.externaltools.arm-none.win32_1.3.0.201507241045/tools/compiler/bin/../lib/gcc/arm-none-eabi/4.9.3/../../../../arm-none-eabi/lib/armv7e-m\libc.a(lib_a-fini.o)
 .debug_frame   0x00001268       0x34 c:/program files/ac6/systemworkbench/plugins/fr.ac6.mcu.externaltools.arm-none.win32_1.3.0.201507241045/tools/compiler/bin/../lib/gcc/arm-none-eabi/4.9.3/../../../../arm-none-eabi/lib/armv7e-m\libc.a(lib_a-__atexit.o)
